// Jest Snapshot v1, https://goo.gl/fbAQLP

exports[`Footer component matches snapshot 1`] = `
<DocumentFragment>
  <footer
    class="footer"
  >
    <div
      class="footer-container"
    >
      <div
        class="footer-content"
      >
        <p>
          Â© 2023 Dota2 Insight Hub
        </p>
        <ul
          class="footer-links"
        >
          <li>
            <a
              href="/"
            >
              Home
            </a>
          </li>
          <li>
            <a
              href="/aboutme"
            >
              About
            </a>
          </li>
          <li>
            <a
              href="/references"
            >
              References
            </a>
          </li>
          <li>
            <a
              href="#contact"
            >
              Contact
            </a>
          </li>
        </ul>
      </div>
    </div>
  </footer>
</DocumentFragment>
`;
