// Jest Snapshot v1, https://goo.gl/fbAQLP

exports[`ProPlayerProfile component matches snapshot 1`] = `
<DocumentFragment>
  <div
    class="player-profile-container"
  >
    <h2>
      Player Card
    </h2>
    <div
      class="player-profile"
    >
      <div
        class="player-details"
      >
        <div
          class="avatar"
        >
          <img
            alt="Player Avatar"
            src="avatar-url"
          />
        </div>
        <div
          class="info"
        >
          <h3>
            Pseudo: PlayerName
          </h3>
          <p>
            <strong>
              ID:
            </strong>
             123
          </p>
          <p>
            <strong>
              Steam ID:
            </strong>
             steam-id
          </p>
          <p>
            <strong>
              Country:
            </strong>
             US
          </p>
        </div>
      </div>
      <div
        class="player-other-details"
      >
        <div
          class="team-details"
        >
          <h3>
            Team
          </h3>
          <p>
            <strong>
              Name:
            </strong>
             TeamName
          </p>
          <p>
            <strong>
              Tag:
            </strong>
             TT
          </p>
        </div>
        <div
          class="player-status"
        >
          <h3>
            Player Status
          </h3>
          <p>
            <strong>
              Pro Player:
            </strong>
             Yes
          </p>
          <p>
            <strong>
              Locked:
            </strong>
             No
          </p>
        </div>
      </div>
    </div>
  </div>
</DocumentFragment>
`;
